// Jest Snapshot v1, https://goo.gl/fbAQLP

exports[`chevron-data-uri Compile 1`] = `
".myclass {
  background: red;
}
.myclass nested {
  color: blue;
}"
`;
